Total tickers: 1905
Already cached: 50
Start EPS fetch: 1905 tickers
100/1905 (0 err) elapsed=26s ETA=461s
200/1905 (0 err) elapsed=79s ETA=675s
300/1905 (0 err) elapsed=133s ETA=711s
400/1905 (0 err) elapsed=185s ETA=697s
500/1905 (0 err) elapsed=242s ETA=680s
600/1905 (0 err) elapsed=298s ETA=649s
700/1905 (0 err) elapsed=353s ETA=608s
800/1905 (0 err) elapsed=405s ETA=560s
900/1905 (0 err) elapsed=460s ETA=513s
1000/1905 (0 err) elapsed=515s ETA=466s
1100/1905 (0 err) elapsed=570s ETA=417s
1200/1905 (0 err) elapsed=624s ETA=367s
1300/1905 (0 err) elapsed=676s ETA=314s
1400/1905 (0 err) elapsed=733s ETA=265s
1500/1905 (0 err) elapsed=803s ETA=217s
1600/1905 (0 err) elapsed=867s ETA=165s
1700/1905 (0 err) elapsed=922s ETA=111s
1800/1905 (0 err) elapsed=976s ETA=57s
1900/1905 (0 err) elapsed=1028s ETA=3s
Merged EPS to 2511 tickers
Saved: C:\Users\icemo\Projects\tw-invest-suite\public\data\chips.json
Total time: 1032s (17.2min)
